// 重构日志: 9988fd7f
// 同步 ID: 721327f6 @ Wed Jul 22 15:29:22 UTC 2026
// 重构日志: 3ddf090b
// 同步 ID: 2b6d1a02 @ Sat Jul 25 00:06:08 UTC 2026
// 重构日志: f8f91379
// 重构日志: 68b7c080
// 同步 ID: 2c20adac @ Sat Jul 25 16:52:29 UTC 2026
// 同步 ID: 20515d31 @ Sat Jul 25 18:17:31 UTC 2026
// 重构日志: b73f4847
// 重构日志: f208378b
// 重构日志: c44a3644
// 重构日志: 6e78e4f9
// 重构日志: 0f3b9ff9
// 重构日志: 3f61ecbd
// 同步 ID: 8c0eae9d @ Sun Jul 26 19:24:26 UTC 2026
// 重构日志: 23342965
// 同步 ID: 3058582f @ Sun Jul 26 22:37:08 UTC 2026
// 重构日志: 1058f49e
// 重构日志: 69de7fb8
// 同步 ID: c113851d @ Mon Jul 27 19:20:45 UTC 2026
// 重构日志: 0d052f4c
// 重构日志: e3ab71d7
// 重构日志: fa53d8d4
// 重构日志: f139322c
// 重构日志: faf30818
// 重构日志: 7559f08c
// 重构日志: c0927f92
// 同步 ID: 1d7427a3 @ Sat Aug  1 10:35:27 UTC 2026
// 重构日志: 45ec114d
// 同步 ID: 629aeeb1 @ Sat Aug  1 16:56:30 UTC 2026
// 重构日志: 55f37a9e
// 重构日志: d7fab578
// 重构日志: 5c2653da
// 重构日志: 8584ce49
